current directory: /usr/src/app/vendor/bundle/ruby/3.2.0/gems/psych-5.2.6/ext/psych
/usr/local/bin/ruby extconf.rb
checking for yaml.h... yes
checking for yaml_get_version() in -lyaml... yes
creating Makefile

current directory: /usr/src/app/vendor/bundle/ruby/3.2.0/gems/psych-5.2.6/ext/psych
make DESTDIR\= sitearchdir\=./.gem.20250707-8-exi2la sitelibdir\=./.gem.20250707-8-exi2la clean
cd libyaml && make clean
/bin/sh: 1: cd: can't cd to libyaml
make: [Makefile:283: clean-so] Error 2 (ignored)

current directory: /usr/src/app/vendor/bundle/ruby/3.2.0/gems/psych-5.2.6/ext/psych
make DESTDIR\= sitearchdir\=./.gem.20250707-8-exi2la sitelibdir\=./.gem.20250707-8-exi2la
compiling psych.c
compiling psych_emitter.c
compiling psych_parser.c
compiling psych_to_ruby.c
compiling psych_yaml_tree.c
linking shared-object psych.so

current directory: /usr/src/app/vendor/bundle/ruby/3.2.0/gems/psych-5.2.6/ext/psych
make DESTDIR\= sitearchdir\=./.gem.20250707-8-exi2la sitelibdir\=./.gem.20250707-8-exi2la install
/usr/bin/install -c -m 0755 psych.so ./.gem.20250707-8-exi2la

current directory: /usr/src/app/vendor/bundle/ruby/3.2.0/gems/psych-5.2.6/ext/psych
make DESTDIR\= sitearchdir\=./.gem.20250707-8-exi2la sitelibdir\=./.gem.20250707-8-exi2la clean
cd libyaml && make clean
/bin/sh: 1: cd: can't cd to libyaml
make: [Makefile:283: clean-so] Error 2 (ignored)
